
PLAY [Configure Shop-Floor Andon Dashboard node] *******************************

TASK [Gathering Facts] *********************************************************
ok: [andon-node-1]

TASK [Install required packages] ***********************************************
ok: [andon-node-1]

TASK [Create service group] ****************************************************
ok: [andon-node-1]

TASK [Create service user] *****************************************************
ok: [andon-node-1]

TASK [Create application, config and log directories] **************************
ok: [andon-node-1] => (item={'path': '/opt/andon', 'owner': 'andon', 'mode': '0755'})
ok: [andon-node-1] => (item={'path': '/opt/andon/app', 'owner': 'andon', 'mode': '0755'})
ok: [andon-node-1] => (item={'path': '/var/log/andon', 'owner': 'andon', 'mode': '0755'})
ok: [andon-node-1] => (item={'path': '/etc/andon', 'owner': 'root', 'mode': '0755'})

TASK [Check that the application jar exists on the control side] ***************
ok: [andon-node-1]

TASK [Fail early if the jar is missing] ****************************************
skipping: [andon-node-1]

TASK [Deploy application jar] **************************************************
ok: [andon-node-1]

TASK [Write environment file (port and runtime settings)] **********************
ok: [andon-node-1]

TASK [Install systemd unit] ****************************************************
ok: [andon-node-1]

TASK [Flush handlers so the unit is registered before starting it] *************

TASK [Enable and start the andon service] **************************************
ok: [andon-node-1]

TASK [Wait for the application port to listen] *********************************
ok: [andon-node-1]

TASK [Health check the dashboard] **********************************************
ok: [andon-node-1]

PLAY RECAP *********************************************************************
andon-node-1               : ok=12   changed=0    unreachable=0    failed=0    skipped=1    rescued=0    ignored=0   

